// Jest Snapshot v1, https://goo.gl/fbAQLP

exports[`Storyshots Alert Alert primary 1`] = `
<div
  className="Component-alertPrimary-0-1-1"
>
  This is a primary alert â€” check it out!
</div>
`;
